// Jest Snapshot v1, https://goo.gl/fbAQLP

exports[`Testing InputField component Snapshot testing of InputField component 1`] = `
<div
  className="inputField"
>
  <hr />
  <input
    data-test="newTask"
    onChange={[Function]}
    placeholder="Add New Task"
    type="text"
    value=""
  />
  <input
    data-test="submitButton"
    onClick={[Function]}
    type="submit"
  />
</div>
`;
